2022-08-01 13:25:40 QueryLogger INFO test123
2022-08-01 14:23:20 QueryLogger INFO test123
2022-08-01 14:23:30 QueryLogger INFO test123
